// Jest Snapshot v1, https://goo.gl/fbAQLP

exports[`Pruebas en <GifItem /> Debe de hacer match con el snapshop 1`] = `
<div>
  <div
    class="card"
  >
    <img
      alt="Saitama"
      src="https://www.google.com"
    />
    <p>
      Saitama
    </p>
  </div>
</div>
`;
